$ playwright test
[WebServer] (node:49533) Warning: The 'NO_COLOR' env is ignored due to the 'FORCE_COLOR' env being set.
[WebServer] (Use `node --trace-warnings ...` to show where the warning was created)
[WebServer] $ node scripts/preview.mjs
[WebServer] (node:49749) Warning: The 'NO_COLOR' env is ignored due to the 'FORCE_COLOR' env being set.
[WebServer] (Use `node --trace-warnings ...` to show where the warning was created)

Running 183 tests using 2 workers

(node:50676) Warning: The 'NO_COLOR' env is ignored due to the 'FORCE_COLOR' env being set.
(Use `node --trace-warnings ...` to show where the warning was created)
(node:50692) Warning: The 'NO_COLOR' env is ignored due to the 'FORCE_COLOR' env being set.
(Use `node --trace-warnings ...` to show where the warning was created)
  ✓    1 tests/accessibility.spec.ts:10:5 › AA automated scan: /blog/ light (2.5s)
  ✓    2 tests/accessibility.spec.ts:10:5 › AA automated scan: /blog/ dark (2.7s)
  ✓    3 tests/accessibility.spec.ts:10:5 › AA automated scan: /blog/on-demand-demos/ light (2.5s)
  ✓    4 tests/accessibility.spec.ts:10:5 › AA automated scan: /blog/on-demand-demos/ dark (2.6s)
  ✓    5 tests/accessibility.spec.ts:10:5 › AA automated scan: /components/ light (3.5s)
  ✓    6 tests/accessibility.spec.ts:10:5 › AA automated scan: /components/ dark (3.9s)
  ✓    7 tests/accessibility.spec.ts:10:5 › AA automated scan: /workspace/layout/ light (2.2s)
  ✓    9 tests/blog.spec.ts:6:1 › metrics distinguish unknown, zero, incompatible and regression (5ms)
  ✓    8 tests/accessibility.spec.ts:10:5 › AA automated scan: /workspace/layout/ dark (2.3s)
  ✓   10 tests/blog.spec.ts:30:1 › Blog search and filters restore from URL, back and locale changes (2.8s)
  ✓   11 tests/blog.spec.ts:77:1 › static Blog and catalog load no engine; one preview mounts and closes (2.5s)
  ✓   12 tests/blog.spec.ts:107:1 › draft and unknown posts stay absent from pages and sitemap (1.1s)
  ✓   13 tests/blog.spec.ts:120:1 › an unavailable screenshot keeps the article and reports readable and can retry (1.7s)
  ✓   14 tests/blog.spec.ts:150:1 › article locale changes preserve the loaded workspace and local created session (2.0s)
  ✓   16 tests/blog.spec.ts:198:1 › Blog supports narrow touch, dark theme and reduced motion (1.5s)
  ✓   17 tests/blog.spec.ts:231:1 › failed demo import retries without removing the article; closing a pending load ignores its result (3.6s)
  ✓   15 tests/blog.spec.ts:170:1 › measurement articles fit desktop, tablet and phone with working evidence links (8.1s)
  ✓   18 tests/blog.spec.ts:270:1 › common component article links evidence and keeps its table selection across locales (2.2s)
  ✓   19 tests/canvas-foundation.spec.ts:3:1 › Canvas engine hydrates with theme styles, named ports, an edge and controlled selection (7.7s)
  ✓   21 tests/canvas-layout.spec.ts:54:1 › collapsing panels preserves canvas edits, selection and resized height (3.7s)
  ✓   22 tests/canvas-model.spec.ts:26:1 › connection policy rejects cycles, duplicate, direction, type, missing and full ports without mutations (13ms)
  ✓   23 tests/canvas-model.spec.ts:85:1 › insert is atomic, undo/redo preserves topology and revision never reuses an old version (8ms)
  ✓   24 tests/canvas-model.spec.ts:132:1 › copy remaps internal bindings and edges and rejects unselected external dependencies (4ms)
  ✓   25 tests/canvas-model.spec.ts:159:1 › rename keeps variable identity, deleting source produces a locatable diagnostic (4ms)
  ✓   26 tests/canvas-model.spec.ts:193:1 › frame movement is one transaction and deleting it ungroups rather than deletes members (4ms)
  ✓   27 tests/canvas-model.spec.ts:227:1 › untrusted import rejects corruption and keeps unknown nodes as complete placeholders (16ms)
  ✓   28 tests/canvas-model.spec.ts:254:1 › export redacts configuration secrets and never exports execution output (4ms)
  ✓   29 tests/canvas-model.spec.ts:266:1 › read-only rejects all command families including import and annotations (14ms)
  ✓   30 tests/canvas-optimization.spec.ts:17:1 › indexes preserve first definitions, issue ordering, self-loop and fallback-port compatibility (3ms)
  ✓   31 tests/canvas-optimization.spec.ts:80:1 › DAG layout changes coordinates only and commits as one undoable transaction (9ms)
  ✓   32 tests/canvas-optimization.spec.ts:110:1 › DAG rejects cycles, child scopes and overflowing frames; cancellation leaves input intact (46ms)
  ✓   33 tests/canvas-optimization.spec.ts:163:1 › Canvas text, Inspector and logs retain native shortcuts; canvas context edits still work (2.5s)
  ✓   20 tests/canvas-layout.spec.ts:3:1 › canvas uses the window at desktop, wide, tablet and mobile sizes (15.3s)
  ✓   34 tests/canvas-optimization.spec.ts:194:1 › layout preview can cancel, apply and undo without changing graph semantics (2.9s)
{"context":"production, fresh browser context, navigation through measured nodes and first selection; 60 mouse moves with rAF timestamps","cold200OperableMs":2815,"dragFrames":162,"dragDurationMs":3283,"dragFps":49}
{"context":"warm fixture switch; Google Chrome; see canvas-implementation-log.md; shared-host load","samples":{},"switch50Ms":446,"inspector50SamplesMs":[52.9,45.6,70.8,33.9,48.4,44.2,32.7,40.1,30.7,29.4,30.3,32.3,27.3,33.8,31.3,28.3,27.9,29.1,28.5,27,29.3,26.2,27.5,29.8,28.3,28.3,28,29.6,30,28.6],"inspector50P95Ms":52.9,"switch200Ms":806,"inspector200SamplesMs":[40.5,45.8,68.6,40.9,49.3,45,40.5,47.5,49.7,50.3,47.4,40.2,46.7,72.3,47.5,48.2,42.2,40.9,47.3,39.1,43.8,41.1,33.3,39.8,77,46,39.3,33.4,34.8,43.3],"inspector200P95Ms":72.3}
  ✓   35 tests/canvas-performance.spec.ts:5:1 › @performance record warm 50/200-node fixture navigation and inspector update baseline (8.0s)
  ✓   37 tests/canvas-playback.spec.ts:45:1 › fixture queries are pure and node/edge stages follow topology, not node array order (9ms)
  ✓   38 tests/canvas-playback.spec.ts:68:1 › fixture scopes, branching and stale stage tokens keep their execution identity (4ms)
  ✓   39 tests/canvas-playback.spec.ts:88:1 › failure keeps unfinished nodes out of success; approval explicitly resumes or cancels (7ms)
  ✓   40 tests/canvas-playback.spec.ts:116:1 › stop acceptance, lost responses and disconnects require source confirmation (13ms)
  ✓   36 tests/canvas-performance.spec.ts:84:1 › @performance measure cold 200-node readiness and sustained drag frames (6.9s)
  ✓   42 tests/canvas-playback.spec.ts:207:1 › failure and approval stop playback until an explicit decision (3.8s)
  ✓   41 tests/canvas-playback.spec.ts:149:1 › automatic stages, pure queries, pause, one step, speed and effect switching preserve one run (4.7s)
  ✓   43 tests/canvas-playback.spec.ts:252:1 › editing a revision cleans up playback; reduced motion keeps static status and touch controls (2.6s)
  ✓   44 tests/canvas-playback.spec.ts:279:1 › hidden pages suspend stages; locale changes preserve the run and controls (2.8s)
  ✓   45 tests/canvas-playback.spec.ts:327:1 › animated canvas preserves box selection, Shift selection and keyboard selection (3.1s)
  ✓   46 tests/canvas-playback.spec.ts:369:3 › playback touch controls › pause, settings and step have usable touch targets (2.7s)
  ✓   48 tests/canvas-project-services.spec.ts:19:1 › nested graph boundaries, container restrictions, recursion, and project round trip (67ms)
  ✓   49 tests/canvas-project-services.spec.ts:74:1 › structured fields validate conditions/schema and code remains plain text (3ms)
  ✓   50 tests/canvas-project-services.spec.ts:99:1 › storage preserves changed drafts during save, checks receipts, reconciles unknown and requires explicit conflict resolution (5ms)
  ✓   51 tests/canvas-project-services.spec.ts:165:1 › nested navigation retains selection/viewport and rejects recursive node additions (5.2s)
  ✓   47 tests/canvas-playback.spec.ts:392:1 › real timers automatically finish the run and particles visibly move (10.3s)
  ✓   52 tests/canvas-project-services.spec.ts:208:1 › structured editors apply real values and preserve invalid drafts (7.5s)
  ✓   54 tests/canvas-runtime.spec.ts:14:1 › authoritative snapshots reject old run/revision/sequence and deduplicate source events (3ms)
  ✓   55 tests/canvas-runtime.spec.ts:59:1 › partial execution requires external upstream inputs and never permits an empty flow (2ms)
  ✓   53 tests/canvas-project-services.spec.ts:238:1 › service fixture: lost save response, explicit conflict, comment, restore confirmation and unknown publish (5.3s)
  ✓   56 tests/canvas-runtime.spec.ts:113:1 › runtime normal, redaction, version ownership and late run rejection (4.2s)
  ✓   57 tests/canvas-runtime.spec.ts:149:1 › explicit human approval and unknown writes reconcile before another operation (4.5s)
  ✓   58 tests/canvas-runtime.spec.ts:183:1 › stop waits for source cancellation; disconnect preserves data and permits safe reread (2.9s)
  ✓   59 tests/canvas-runtime.spec.ts:209:1 › frame collapse preserves topology and command search locates hidden members (3.6s)
  ✓   60 tests/canvas-workspace.spec.ts:37:1 › build from empty, keyboard connection, edge insert, atomic undo and redo (8.1s)
  ✓   61 tests/canvas-workspace.spec.ts:76:1 › configuration drafts survive object switches, invalid JSON is retained and text shortcuts do not delete nodes (5.7s)
  ✓   63 tests/canvas-workspace.spec.ts:152:1 › malformed import preserves draft, replacement can undo, export downloads a versioned document (3.8s)
  ✓   64 tests/canvas-workspace.spec.ts:181:1 › read-only blocks toolbar, configuration, shortcuts and import while refresh failure retains graph (4.2s)
  ✓   62 tests/canvas-workspace.spec.ts:110:1 › variable selection is structured, survives rename and reports deleted source (9.5s)
  ✓   65 tests/canvas-workspace.spec.ts:223:1 › keyboard move, batch copy, note, responsive inspector and bottom resize work (4.9s)
  ✓   66 tests/canvas-workspace.spec.ts:288:1 › drag commits once, frame and note edits can undo without deleting grouped nodes (5.1s)
  ✓   67 tests/canvas-workspace.spec.ts:330:3 › coarse pointer and reduced motion › touch targets, palette search, keyboard alternative and theme stay usable on mobile (2.9s)
  ✓   68 tests/canvas-workspace.spec.ts:374:1 › unknown node import keeps config and existing edges; export failure and leaving preserve draft (4.2s)
  ✓   69 tests/common-components.spec.ts:13:1 › table selection preserves hidden IDs and separates activation, links and sorting (3.7s)
  ✓   71 tests/common-components.spec.ts:93:1 › sheet nested Select and Popover close one level, retain draft and restore focus (3.4s)
  ✓   70 tests/common-components.spec.ts:63:1 › checkbox three states and numeric displays expose truthful accessible values (4.9s)
  ✓   72 tests/common-components.spec.ts:153:1 › dropdown checkbox and radio items use keyboard and disabled semantics (1.7s)
  ✓   73 tests/common-components.spec.ts:174:1 › command palette filters caller results, skips disabled items, respects IME and preserves query (2.6s)
  ✓   74 tests/common-components.spec.ts:200:1 › field errors associate IDs and slider commits keyboard values (2.5s)
  ✓   75 tests/common-components.spec.ts:231:1 › image upload retains valid preview after type, size and decode failures; remove recovers (2.0s)
  ✓   76 tests/common-components.spec.ts:273:1 › table locale switch retains current row and hidden selections (1.9s)
  ✓   77 tests/common-components.spec.ts:295:1 › sidebar width uses controlled bounds and persists separately for each workspace (2.8s)
  ✓   78 tests/common-components.spec.ts:336:1 › dual theme and locale sheets keep portals scoped and isolate values (2.4s)
  ✓   80 tests/common-components.spec.ts:392:1 › touch filters and sheets keep 44px targets with reduced motion (2.2s)
  ✓   81 tests/common-components.spec.ts:424:1 › table loading and partial scenarios preserve independent selection (2.2s)
  ✓   79 tests/common-components.spec.ts:366:1 › representative table and command controls pass axe and narrow layouts (5.9s)
  ✓   83 tests/common-components.spec.ts:470:1 › superseded local image reads cannot replace a newer selection (1.9s)
  ✓   84 tests/common-distribution.spec.ts:37:3 › checkbox has its own complete source, CSS and package dependency closure (50ms)
  ✓   85 tests/common-distribution.spec.ts:37:3 › table has its own complete source, CSS and package dependency closure (8ms)
  ✓   86 tests/common-distribution.spec.ts:37:3 › data-table has its own complete source, CSS and package dependency closure (77ms)
  ✓   87 tests/common-distribution.spec.ts:37:3 › avatar has its own complete source, CSS and package dependency closure (8ms)
  ✓   88 tests/common-distribution.spec.ts:37:3 › segment-bar has its own complete source, CSS and package dependency closure (18ms)
  ✓   89 tests/common-distribution.spec.ts:37:3 › sparkline has its own complete source, CSS and package dependency closure (21ms)
  ✓   90 tests/common-distribution.spec.ts:37:3 › dropdown-menu has its own complete source, CSS and package dependency closure (19ms)
  ✓   91 tests/common-distribution.spec.ts:37:3 › sheet has its own complete source, CSS and package dependency closure (34ms)
  ✓   92 tests/common-distribution.spec.ts:37:3 › command-palette has its own complete source, CSS and package dependency closure (34ms)
  ✓   93 tests/common-distribution.spec.ts:37:3 › kbd has its own complete source, CSS and package dependency closure (5ms)
  ✓   94 tests/common-distribution.spec.ts:37:3 › field has its own complete source, CSS and package dependency closure (2ms)
  ✓   95 tests/common-distribution.spec.ts:37:3 › form-section has its own complete source, CSS and package dependency closure (4ms)
  ✓   96 tests/common-distribution.spec.ts:37:3 › slider has its own complete source, CSS and package dependency closure (2ms)
  ✓   82 tests/common-components.spec.ts:440:1 › command shortcut is scoped, ignores text entry and blocks actions during loading or error (3.1s)
  ✓   97 tests/common-distribution.spec.ts:37:3 › image-upload has its own complete source, CSS and package dependency closure (31ms)
  ✓   98 tests/common-distribution.spec.ts:37:3 › metric-summary has its own complete source, CSS and package dependency closure (2ms)
  ✓   99 tests/common-distribution.spec.ts:37:3 › rating-display has its own complete source, CSS and package dependency closure (13ms)
  ✓  101 tests/common-distribution.spec.ts:37:3 › filter-toolbar has its own complete source, CSS and package dependency closure (125ms)
  ✓  100 tests/components.spec.ts:3:1 › navigation leads to the component and its source documentation (1.8s)
  ✓  102 tests/components.spec.ts:28:1 › loading button prevents repeated action and reports completion (2.4s)
  ✓  103 tests/components.spec.ts:44:1 › input communicates validation and accepts corrected values (1.2s)
  ✓  104 tests/components.spec.ts:57:1 › dialog supports Escape, focus restoration and confirmation (2.2s)
  ✓  105 tests/components.spec.ts:79:1 › failed task can be retried and updates progress (2.6s)
  ✓  107 tests/components.spec.ts:130:1 › registry ships source and resolves the component dependency graph (39ms)
  ✓  108 tests/dictionary.spec.ts:3:1 › dictionary searches Chinese aliases, filters availability, and opens real docs (2.2s)
  ✓  109 tests/dictionary.spec.ts:51:1 › dictionary handles no matches and category filters without stale details (1.8s)
  ✓  106 tests/components.spec.ts:90:1 › theme persists and mobile layout remains within viewport (5.3s)
  ✓  110 tests/dictionary.spec.ts:87:1 › shadow previews use the shared token and copy the selected code (1.8s)
  ✓  111 tests/dictionary.spec.ts:136:1 › Chip separates keyboard selection and removal, blocks busy actions and restores focus (1.6s)
  ✓  113 tests/i18n.spec.ts:39:1 › typed messages interpolate nested diagnostics, pluralize and fall back (3ms)
  ✓  114 tests/i18n.spec.ts:56:1 › library diagnostics retain legacy strings and external validation errors (6ms)
  ✓  115 tests/i18n.spec.ts:108:1 › stored save feedback resolves in both languages without another write (4ms)
  ✓  112 tests/dictionary.spec.ts:172:1 › dictionary remains usable on touch in dark theme with reduced motion (1.8s)
  ✓  116 tests/i18n.spec.ts:130:1 › default Chinese, English navigation and reload keep existing URLs (2.3s)
  ✓  117 tests/i18n.spec.ts:160:1 › dictionary search, category, selection and bilingual terms survive locale changes (1.4s)
  ✓  118 tests/i18n.spec.ts:180:1 › scoped provider preserves draft and does not change the site's locale (2.4s)
  ✓  119 tests/i18n.spec.ts:196:1 › cross-tab preference updates an open dialog without losing its JSON draft (3.8s)
  ✓  120 tests/i18n.spec.ts:219:1 › Canvas selection, inspector draft, graph and undo survive locale change (3.6s)
  ✓  122 tests/i18n.spec.ts:277:1 › invalid preference falls back and denied storage still allows language changes (1.2s)
  ✓  121 tests/i18n.spec.ts:249:1 › unknown storage outcome remains blocked and feedback changes language (3.2s)
  ✓  123 tests/i18n.spec.ts:302:1 › style edits, baseline and sample input survive English switch and dark theme (1.6s)
  ✓  124 tests/i18n.spec.ts:328:1 › workspace chat draft and selected object survive switching language (1.5s)
  ✓  126 tests/i18n.spec.ts:379:1 › English language picker works on touch with reduced motion (2.3s)
  ✓  127 tests/layout-controlled.spec.ts:3:1 › controlled layout clamps damaged preferences and persists per workspace only after actions (1.7s)
  ✓  128 tests/layout-controlled.spec.ts:75:1 › layout saves user changes, restores on refresh and resets damaged JSON (3.8s)
  ✓  125 tests/i18n.spec.ts:351:1 › English static pages, Catalog prose and code preview hydrate without errors (8.1s)
  ✓  130 tests/loading-budget.spec.ts:9:3 › initial loading budget and no Canvas engine: /dictionary/ (1.7s)
  ✓  129 tests/loading-budget.spec.ts:9:3 › initial loading budget and no Canvas engine: /components/ (2.1s)
  ✓  131 tests/loading-budget.spec.ts:9:3 › initial loading budget and no Canvas engine: /docs/button/ (1.6s)
  ✓  132 tests/loading-budget.spec.ts:9:3 › initial loading budget and no Canvas engine: /blog/ (1.7s)
  ✓  134 tests/patterns.spec.ts:4:1 › redaction covers nested keys, inline headers and credential URLs with byte-safe previews (6ms)
  ✓  133 tests/loading-budget.spec.ts:9:3 › initial loading budget and no Canvas engine: /blog/on-demand-demos/ (1.6s)
  ✓  135 tests/patterns.spec.ts:33:1 › Tree implements roving focus, hierarchical navigation, selection and typeahead (2.2s)
  ✓  136 tests/patterns.spec.ts:78:1 › DataRegion renders five states and preserves data with a recoverable refresh error (1.7s)
  ✓  137 tests/patterns.spec.ts:110:1 › Tree moves with keyboard alternative and rejects cyclic and disabled targets (2.1s)
  ✓  138 tests/patterns.spec.ts:146:1 › Tree pointer dragging uses the same controlled move and lazy failures can retry (1.8s)
  ✓  139 tests/patterns.spec.ts:171:1 › Session and Agent rows keep dimensions, capability actions and status independent (2.5s)
  ✓  140 tests/patterns.spec.ts:208:1 › Activity deduplicates, preserves old data on failure and follows only near the bottom (2.6s)
  ✓  141 tests/patterns.spec.ts:252:1 › Inspector changes one complete object snapshot and distinguishes selection and data errors (1.5s)
  ✓  142 tests/patterns.spec.ts:272:1 › ToolCall redacts before display and clipboard, requires approval, and reconciles unknown results (2.6s)
  ✓  143 tests/patterns.spec.ts:325:1 › ToolCall bounds long previews and only reveals available complete output (1.7s)
  ✓  144 tests/patterns.spec.ts:340:1 › lost tool cancellation responses remain unconfirmed until reconciled (1.9s)
  ✓  145 tests/patterns.spec.ts:365:1 › Chat keeps partial content, input method behavior, messages and independent tool records (2.8s)
  ✓  146 tests/patterns.spec.ts:394:1 › Conversation keeps history anchors, does not pull reading to the tail and retains failed drafts (4.0s)
  ✓  148 tests/patterns.spec.ts:498:1 › all new patterns ship their source and dependency graph (319ms)
  ✓  149 tests/primitives.spec.ts:2:1 › action menu restores focus and never activates disabled actions (1.7s)
  ✓  150 tests/primitives.spec.ts:19:1 › tabs distinguish focus from selection; segmented chooses a value (2.3s)
  ✓  151 tests/primitives.spec.ts:39:1 › select and combobox provide keyboard selection, filtering and empty recovery (3.2s)
  ✓  152 tests/registry-snapshot.spec.ts:7:1 › Registry release locks recursive dependencies and rejects different bytes under an existing version (26ms)
  ✓  147 tests/patterns.spec.ts:433:1 › new patterns fit narrow screens, keep touch targets and reduced motion (11.3s)
  ✓  153 tests/scroll.spec.ts:9:1 › scroll lab is reachable and page progress follows document scrolling (1.7s)
  ✓  154 tests/scroll.spec.ts:46:1 › triggered cards finish fading while idle, stay visible on return, and reset (1.6s)
  ✓  155 tests/scroll.spec.ts:69:1 › linked reading progress is proportional and reversible (1.5s)
  ✓  156 tests/scroll.spec.ts:98:1 › parallax background moves at 35 percent of foreground speed (1.3s)
  ✓  157 tests/scroll.spec.ts:117:1 › sticky letters remain pinned and the next group replaces them (1.3s)
  ✓  159 tests/scroll.spec.ts:174:1 › vertical scrolling drives horizontal cards and resize preserves the full track (1.8s)
  ✓  158 tests/scroll.spec.ts:142:1 › snap settles on complete screens with wheel, keyboard and controls (3.5s)
  ✓  160 tests/scroll.spec.ts:215:1 › reduced motion is respected initially and when the preference changes (1.4s)
  ✓  161 tests/scroll.spec.ts:245:1 › mobile touch scrolling, dark theme, documentation and registry remain usable (6.2s)
  ✓  162 tests/stream-performance.spec.ts:5:3 › @performance 5000 conversation append with explicit revisions (26.7s)
  ✓  164 tests/stream-performance.spec.ts:69:1 › activity retains every unread ID when several commits arrive in one frame (4.0s)
  ✓  163 tests/stream-performance.spec.ts:5:3 › @performance 5000 activity append with explicit revisions (28.1s)
  ✓  166 tests/style-workbench.spec.ts:15:1 › style workbench compares actual styles without changing A or project tokens (2.3s)
  ✓  167 tests/style-workbench.spec.ts:78:1 › shadow, material and typography controls export their actual CSS and JSON (2.4s)
  ✓  168 tests/style-workbench.spec.ts:131:1 › presets can become A and numeric edits clamp, snap and recover from empty input (1.8s)
  ✓  169 tests/style-workbench.spec.ts:154:1 › theme changes refresh A and unedited B values while keeping explicit edits and pinned A (1.9s)
  ✓  170 tests/style-workbench.spec.ts:187:1 › dictionary links to the workbench and the portable demo adapts to narrow containers (3.4s)
  ✓  171 tests/style-workbench.spec.ts:218:1 › workbench remains usable on touch, in dark theme and with reduced motion (1.8s)
  ✓  172 tests/theme-namespace.spec.ts:6:1 › theme variants keep private variable names intact and resolve dynamic status colors (30ms)
  ✓  173 tests/visual.spec.ts:3:3 › Menu focus and disabled state light (1.7s)
  ✓  174 tests/visual.spec.ts:3:3 › Menu focus and disabled state dark (1.5s)
  ✓  175 tests/workspace.spec.ts:3:1 › Button dimensions, selection and icon tooltip match the contract (1.7s)
  ✓  176 tests/workspace.spec.ts:35:1 › Item sizes and semantics preserve independent trailing actions (2.0s)
  ✓  177 tests/workspace.spec.ts:78:1 › runtime badges share semantic tokens and unknown values remain explicit (1.2s)
  ✓  178 tests/workspace.spec.ts:106:1 › workspace selection, local creation and runtime state stay in sync with Inspector (1.9s)
  ✓  179 tests/workspace.spec.ts:144:1 › workspace data states keep existing content on refresh failure (1.6s)
  ✓  180 tests/workspace.spec.ts:173:1 › desktop shell dimensions, pointer resizing, keyboard resizing and focus restore (1.9s)
  ✓  181 tests/workspace.spec.ts:218:1 › chat preserves messages, distinguishes tool calls and respects IME (1.6s)
  ✓  182 tests/workspace.spec.ts:246:1 › mobile drawer traps and restores focus, touch targets and narrow layouts fit (4.4s)
  ✓  165 tests/stream-performance.spec.ts:92:1 › deferred messages keep full text, browser find and prepend anchor (36.7s)
  ✓  183 tests/workspace.spec.ts:313:1 › workspace light and dark desktop render without overflow (2.1s)

  183 passed (4.5m)
