[WebServer] (node:55294) Warning: The 'NO_COLOR' env is ignored due to the 'FORCE_COLOR' env being set.
[WebServer] (Use `node --trace-warnings ...` to show where the warning was created)
[WebServer] $ node scripts/preview.mjs
[WebServer] (node:55605) Warning: The 'NO_COLOR' env is ignored due to the 'FORCE_COLOR' env being set.
[WebServer] (Use `node --trace-warnings ...` to show where the warning was created)

Running 215 tests using 2 workers

(node:57133) Warning: The 'NO_COLOR' env is ignored due to the 'FORCE_COLOR' env being set.
(Use `node --trace-warnings ...` to show where the warning was created)
(node:57132) Warning: The 'NO_COLOR' env is ignored due to the 'FORCE_COLOR' env being set.
(Use `node --trace-warnings ...` to show where the warning was created)
  ✓    1 tests/accessibility.spec.ts:10:5 › AA automated scan: /blog/ dark (3.1s)
  ✓    2 tests/accessibility.spec.ts:10:5 › AA automated scan: /blog/ light (3.5s)
  ✓    3 tests/accessibility.spec.ts:10:5 › AA automated scan: /blog/on-demand-demos/ light (2.7s)
  ✓    4 tests/accessibility.spec.ts:10:5 › AA automated scan: /blog/on-demand-demos/ dark (2.9s)
  ✓    5 tests/accessibility.spec.ts:10:5 › AA automated scan: /components/ light (4.9s)
  ✓    6 tests/accessibility.spec.ts:10:5 › AA automated scan: /components/ dark (5.3s)
  ✓    7 tests/accessibility.spec.ts:10:5 › AA automated scan: /workspace/layout/ light (2.5s)
  ✓    9 tests/blog.spec.ts:6:1 › metrics distinguish unknown, zero, incompatible and regression (4ms)
  ✓    8 tests/accessibility.spec.ts:10:5 › AA automated scan: /workspace/layout/ dark (2.6s)
  ✓   10 tests/blog.spec.ts:30:1 › Blog search and filters restore from URL, back and locale changes (2.9s)
  ✓   11 tests/blog.spec.ts:77:1 › static Blog and catalog load no engine; one preview mounts and closes (2.8s)
  ✓   12 tests/blog.spec.ts:107:1 › draft and unknown posts stay absent from pages and sitemap (1.3s)
  ✓   13 tests/blog.spec.ts:120:1 › an unavailable screenshot keeps the article and reports readable and can retry (1.9s)
  ✓   14 tests/blog.spec.ts:150:1 › article locale changes preserve the loaded workspace and local created session (2.2s)
  ✓   16 tests/blog.spec.ts:198:1 › Blog supports narrow touch, dark theme and reduced motion (1.7s)
  ✓   17 tests/blog.spec.ts:231:1 › failed demo import retries without removing the article; closing a pending load ignores its result (3.8s)
  ✓   18 tests/blog.spec.ts:270:1 › common component article links evidence and keeps its table selection across locales (2.4s)
  ✓   15 tests/blog.spec.ts:170:1 › measurement articles fit desktop, tablet and phone with working evidence links (9.7s)
  ✓   19 tests/canvas-foundation.spec.ts:3:1 › Canvas engine hydrates with theme styles, named ports, an edge and controlled selection (9.2s)
  ✓   21 tests/canvas-layout.spec.ts:54:1 › collapsing panels preserves canvas edits, selection and resized height (4.2s)
  ✓   22 tests/canvas-model.spec.ts:26:1 › connection policy rejects cycles, duplicate, direction, type, missing and full ports without mutations (15ms)
  ✓   23 tests/canvas-model.spec.ts:85:1 › insert is atomic, undo/redo preserves topology and revision never reuses an old version (9ms)
  ✓   24 tests/canvas-model.spec.ts:132:1 › copy remaps internal bindings and edges and rejects unselected external dependencies (5ms)
  ✓   25 tests/canvas-model.spec.ts:159:1 › rename keeps variable identity, deleting source produces a locatable diagnostic (6ms)
  ✓   26 tests/canvas-model.spec.ts:193:1 › frame movement is one transaction and deleting it ungroups rather than deletes members (5ms)
  ✓   27 tests/canvas-model.spec.ts:227:1 › untrusted import rejects corruption and keeps unknown nodes as complete placeholders (20ms)
  ✓   28 tests/canvas-model.spec.ts:254:1 › export redacts configuration secrets and never exports execution output (4ms)
  ✓   29 tests/canvas-model.spec.ts:266:1 › read-only rejects all command families including import and annotations (14ms)
  ✓   30 tests/canvas-optimization.spec.ts:18:1 › indexes preserve first definitions, issue ordering, self-loop and fallback-port compatibility (4ms)
  ✓   31 tests/canvas-optimization.spec.ts:81:1 › DAG layout changes coordinates only and commits as one undoable transaction (9ms)
  ✓   32 tests/canvas-optimization.spec.ts:111:1 › DAG rejects cycles, child scopes and overflowing frames; cancellation leaves input intact (45ms)
  ✓   33 tests/canvas-optimization.spec.ts:164:1 › Canvas text, Inspector and logs retain native shortcuts; canvas context edits still work (2.9s)
  ✓   20 tests/canvas-layout.spec.ts:3:1 › canvas uses the window at desktop, wide, tablet and mobile sizes (16.6s)
  ✓   34 tests/canvas-optimization.spec.ts:195:1 › layout preview can cancel, apply and undo without changing graph semantics (4.4s)
  ✓   35 tests/canvas-optimization.spec.ts:231:1 › a layout preview becomes invalid when the source document is replaced (4.0s)
{"context":"production, fresh browser context, navigation through measured nodes and first selection; 60 mouse moves with rAF timestamps","cold200OperableMs":3144,"dragFrames":163,"dragDurationMs":3383,"dragFps":47.9}
  ✓   37 tests/canvas-performance.spec.ts:84:1 › @performance measure cold 200-node readiness and sustained drag frames (7.4s)
  ✓   38 tests/canvas-playback.spec.ts:45:1 › fixture queries are pure and node/edge stages follow topology, not node array order (10ms)
  ✓   39 tests/canvas-playback.spec.ts:68:1 › fixture scopes, branching and stale stage tokens keep their execution identity (4ms)
  ✓   40 tests/canvas-playback.spec.ts:88:1 › failure keeps unfinished nodes out of success; approval explicitly resumes or cancels (7ms)
  ✓   41 tests/canvas-playback.spec.ts:116:1 › stop acceptance, lost responses and disconnects require source confirmation (11ms)
{"context":"warm fixture switch; Google Chrome; see canvas-implementation-log.md; shared-host load","samples":{},"switch50Ms":499,"inspector50SamplesMs":[51.2,43.9,42.9,47.3,42.7,33.5,53.9,38.3,37.3,37.5,40.3,48.4,35.3,34.8,35.3,44.6,36.8,42.8,36.4,34.8,57.9,39.4,36.6,34.2,39.1,42.4,34.2,35,34,35.7],"inspector50P95Ms":53.9,"switch200Ms":1002,"inspector200SamplesMs":[52.7,44.2,69.6,48.6,60.8,45.1,51.9,46.5,50.3,47.5,45.1,39.4,41.1,49.5,47,46.2,38.6,38,41.5,38.7,45.4,38.8,33.5,47.2,51.6,53.8,49.4,42,46.3,60.3],"inspector200P95Ms":60.8}
  ✓   36 tests/canvas-performance.spec.ts:5:1 › @performance record warm 50/200-node fixture navigation and inspector update baseline (9.0s)
  ✓   42 tests/canvas-playback.spec.ts:149:1 › automatic stages, pure queries, pause, one step, speed and effect switching preserve one run (4.8s)
  ✓   43 tests/canvas-playback.spec.ts:207:1 › failure and approval stop playback until an explicit decision (4.1s)
  ✓   45 tests/canvas-playback.spec.ts:279:1 › hidden pages suspend stages; locale changes preserve the run and controls (3.5s)
  ✓   44 tests/canvas-playback.spec.ts:252:1 › editing a revision cleans up playback; reduced motion keeps static status and touch controls (3.7s)
  ✓   47 tests/canvas-playback.spec.ts:369:3 › playback touch controls › pause, settings and step have usable touch targets (4.2s)
  ✓   46 tests/canvas-playback.spec.ts:327:1 › animated canvas preserves box selection, Shift selection and keyboard selection (4.3s)
  ✓   49 tests/canvas-project-services.spec.ts:19:1 › nested graph boundaries, container restrictions, recursion, and project round trip (32ms)
  ✓   50 tests/canvas-project-services.spec.ts:74:1 › structured fields validate conditions/schema and code remains plain text (3ms)
  ✓   51 tests/canvas-project-services.spec.ts:99:1 › storage preserves changed drafts during save, checks receipts, reconciles unknown and requires explicit conflict resolution (5ms)
  ✓   52 tests/canvas-project-services.spec.ts:165:1 › nested navigation retains selection/viewport and rejects recursive node additions (6.6s)
  ✓   48 tests/canvas-playback.spec.ts:392:1 › real timers automatically finish the run and particles visibly move (11.2s)
  ✓   53 tests/canvas-project-services.spec.ts:208:1 › structured editors apply real values and preserve invalid drafts (7.2s)
  ✓   55 tests/canvas-runtime.spec.ts:14:1 › authoritative snapshots reject old run/revision/sequence and deduplicate source events (6ms)
  ✓   56 tests/canvas-runtime.spec.ts:59:1 › partial execution requires external upstream inputs and never permits an empty flow (3ms)
  ✓   54 tests/canvas-project-services.spec.ts:238:1 › service fixture: lost save response, explicit conflict, comment, restore confirmation and unknown publish (6.8s)
  ✓   57 tests/canvas-runtime.spec.ts:113:1 › runtime normal, redaction, version ownership and late run rejection (4.5s)
  ✓   59 tests/canvas-runtime.spec.ts:183:1 › stop waits for source cancellation; disconnect preserves data and permits safe reread (3.1s)
  ✓   58 tests/canvas-runtime.spec.ts:149:1 › explicit human approval and unknown writes reconcile before another operation (5.1s)
  ✓   60 tests/canvas-runtime.spec.ts:209:1 › frame collapse preserves topology and command search locates hidden members (3.8s)
  ✓   62 tests/canvas-workspace.spec.ts:76:1 › configuration drafts survive object switches, invalid JSON is retained and text shortcuts do not delete nodes (5.9s)
  ✓   61 tests/canvas-workspace.spec.ts:37:1 › build from empty, keyboard connection, edge insert, atomic undo and redo (9.4s)
  ✓   64 tests/canvas-workspace.spec.ts:152:1 › malformed import preserves draft, replacement can undo, export downloads a versioned document (3.9s)
  ✓   63 tests/canvas-workspace.spec.ts:110:1 › variable selection is structured, survives rename and reports deleted source (8.6s)
  ✓   65 tests/canvas-workspace.spec.ts:181:1 › read-only blocks toolbar, configuration, shortcuts and import while refresh failure retains graph (4.8s)
  ✓   66 tests/canvas-workspace.spec.ts:223:1 › keyboard move, batch copy, note, responsive inspector and bottom resize work (5.5s)
  ✓   67 tests/canvas-workspace.spec.ts:288:1 › drag commits once, frame and note edits can undo without deleting grouped nodes (6.0s)
  ✓   68 tests/canvas-workspace.spec.ts:330:3 › coarse pointer and reduced motion › touch targets, palette search, keyboard alternative and theme stay usable on mobile (3.1s)
  ✓   69 tests/canvas-workspace.spec.ts:374:1 › unknown node import keeps config and existing edges; export failure and leaving preserve draft (4.3s)
  ✓   70 tests/common-components.spec.ts:13:1 › table selection preserves hidden IDs and separates activation, links and sorting (3.2s)
  ✓   72 tests/common-components.spec.ts:93:1 › sheet nested Select and Popover close one level, retain draft and restore focus (3.5s)
  ✓   71 tests/common-components.spec.ts:63:1 › checkbox three states and numeric displays expose truthful accessible values (5.3s)
  ✓   73 tests/common-components.spec.ts:153:1 › dropdown checkbox and radio items use keyboard and disabled semantics (1.8s)
  ✓   74 tests/common-components.spec.ts:174:1 › command palette filters caller results, skips disabled items, respects IME and preserves query (2.8s)
  ✓   75 tests/common-components.spec.ts:200:1 › field errors associate IDs and slider commits keyboard values (2.8s)
  ✓   76 tests/common-components.spec.ts:231:1 › image upload retains valid preview after type, size and decode failures; remove recovers (1.9s)
  ✓   77 tests/common-components.spec.ts:273:1 › table locale switch retains current row and hidden selections (2.1s)
  ✓   78 tests/common-components.spec.ts:295:1 › sidebar width uses controlled bounds and persists separately for each workspace (3.2s)
  ✓   79 tests/common-components.spec.ts:336:1 › dual theme and locale sheets keep portals scoped and isolate values (2.5s)
  ✓   81 tests/common-components.spec.ts:392:1 › touch filters and sheets keep 44px targets with reduced motion (2.3s)
  ✓   82 tests/common-components.spec.ts:424:1 › table loading and partial scenarios preserve independent selection (2.3s)
  ✓   80 tests/common-components.spec.ts:366:1 › representative table and command controls pass axe and narrow layouts (6.7s)
  ✓   83 tests/common-components.spec.ts:440:1 › command shortcut is scoped, ignores text entry and blocks actions during loading or error (3.4s)
  ✓   85 tests/common-distribution.spec.ts:37:3 › checkbox has its own complete source, CSS and package dependency closure (30ms)
  ✓   86 tests/common-distribution.spec.ts:37:3 › table has its own complete source, CSS and package dependency closure (11ms)
  ✓   87 tests/common-distribution.spec.ts:37:3 › data-table has its own complete source, CSS and package dependency closure (84ms)
  ✓   88 tests/common-distribution.spec.ts:37:3 › avatar has its own complete source, CSS and package dependency closure (7ms)
  ✓   89 tests/common-distribution.spec.ts:37:3 › segment-bar has its own complete source, CSS and package dependency closure (21ms)
  ✓   90 tests/common-distribution.spec.ts:37:3 › sparkline has its own complete source, CSS and package dependency closure (20ms)
  ✓   91 tests/common-distribution.spec.ts:37:3 › dropdown-menu has its own complete source, CSS and package dependency closure (16ms)
  ✓   92 tests/common-distribution.spec.ts:37:3 › sheet has its own complete source, CSS and package dependency closure (33ms)
  ✓   93 tests/common-distribution.spec.ts:37:3 › command-palette has its own complete source, CSS and package dependency closure (50ms)
  ✓   84 tests/common-components.spec.ts:470:1 › superseded local image reads cannot replace a newer selection (2.1s)
  ✓   94 tests/common-distribution.spec.ts:37:3 › kbd has its own complete source, CSS and package dependency closure (5ms)
  ✓   95 tests/common-distribution.spec.ts:37:3 › form-section has its own complete source, CSS and package dependency closure (7ms)
  ✓   96 tests/common-distribution.spec.ts:37:3 › slider has its own complete source, CSS and package dependency closure (5ms)
  ✓   97 tests/common-distribution.spec.ts:37:3 › image-upload has its own complete source, CSS and package dependency closure (41ms)
  ✓   98 tests/common-distribution.spec.ts:37:3 › filter-toolbar has its own complete source, CSS and package dependency closure (55ms)
  ✓   99 tests/common-distribution.spec.ts:37:3 › metric-summary has its own complete source, CSS and package dependency closure (4ms)
  ✓  100 tests/common-distribution.spec.ts:37:3 › rating-display has its own complete source, CSS and package dependency closure (17ms)
  ✓  102 tests/common-distribution.spec.ts:37:3 › field has its own complete source, CSS and package dependency closure (25ms)
  ✓  101 tests/components.spec.ts:3:1 › navigation leads to the component and its source documentation (2.0s)
  ✓  103 tests/components.spec.ts:28:1 › loading button prevents repeated action and reports completion (2.4s)
  ✓  104 tests/components.spec.ts:44:1 › input communicates validation and accepts corrected values (1.2s)
  ✓  105 tests/components.spec.ts:57:1 › dialog supports Escape, focus restoration and confirmation (2.4s)
  ✓  106 tests/components.spec.ts:79:1 › failed task can be retried and updates progress (2.7s)
  ✓  108 tests/components.spec.ts:130:1 › registry ships source and resolves the component dependency graph (43ms)
  ✓  109 tests/dictionary.spec.ts:3:1 › dictionary searches Chinese aliases, filters availability, and opens real docs (2.3s)
  ✓  110 tests/dictionary.spec.ts:51:1 › dictionary handles no matches and category filters without stale details (2.0s)
  ✓  107 tests/components.spec.ts:90:1 › theme persists and mobile layout remains within viewport (5.7s)
  ✓  111 tests/dictionary.spec.ts:87:1 › shadow previews use the shared token and copy the selected code (2.0s)
  ✓  112 tests/dictionary.spec.ts:136:1 › Chip separates keyboard selection and removal, blocks busy actions and restores focus (1.9s)
  ✓  114 tests/i18n.spec.ts:39:1 › typed messages interpolate nested diagnostics, pluralize and fall back (3ms)
  ✓  115 tests/i18n.spec.ts:56:1 › library diagnostics retain legacy strings and external validation errors (13ms)
  ✓  116 tests/i18n.spec.ts:108:1 › stored save feedback resolves in both languages without another write (3ms)
  ✓  113 tests/dictionary.spec.ts:172:1 › dictionary remains usable on touch in dark theme with reduced motion (1.9s)
  ✓  117 tests/i18n.spec.ts:130:1 › default Chinese, English navigation and reload keep existing URLs (2.5s)
  ✓  118 tests/i18n.spec.ts:160:1 › dictionary search, category, selection and bilingual terms survive locale changes (1.6s)
  ✓  119 tests/i18n.spec.ts:180:1 › scoped provider preserves draft and does not change the site's locale (3.0s)
  ✓  120 tests/i18n.spec.ts:196:1 › cross-tab preference updates an open dialog without losing its JSON draft (4.1s)
  ✓  121 tests/i18n.spec.ts:219:1 › Canvas selection, inspector draft, graph and undo survive locale change (3.6s)
  ✓  123 tests/i18n.spec.ts:277:1 › invalid preference falls back and denied storage still allows language changes (1.2s)
  ✓  122 tests/i18n.spec.ts:249:1 › unknown storage outcome remains blocked and feedback changes language (3.3s)
  ✓  124 tests/i18n.spec.ts:302:1 › style edits, baseline and sample input survive English switch and dark theme (1.8s)
  ✓  125 tests/i18n.spec.ts:328:1 › workspace chat draft and selected object survive switching language (1.7s)
  ✓  127 tests/i18n.spec.ts:379:1 › English language picker works on touch with reduced motion (2.7s)
  ✓  128 tests/layout-controlled.spec.ts:3:1 › controlled layout clamps damaged preferences and persists per workspace only after actions (1.8s)
  ✓  126 tests/i18n.spec.ts:351:1 › English static pages, Catalog prose and code preview hydrate without errors (8.6s)
  ✓  129 tests/layout-controlled.spec.ts:75:1 › layout saves user changes, restores on refresh and resets damaged JSON (4.0s)
  ✓  130 tests/loading-budget.spec.ts:9:3 › initial loading budget and no Canvas engine: /components/ (2.3s)
  ✓  131 tests/loading-budget.spec.ts:9:3 › initial loading budget and no Canvas engine: /dictionary/ (1.8s)
  ✓  132 tests/loading-budget.spec.ts:9:3 › initial loading budget and no Canvas engine: /docs/button/ (1.7s)
  ✓  133 tests/loading-budget.spec.ts:9:3 › initial loading budget and no Canvas engine: /blog/ (1.8s)
  ✓  135 tests/patterns.spec.ts:4:1 › redaction covers nested keys, inline headers and credential URLs with byte-safe previews (6ms)
  ✓  134 tests/loading-budget.spec.ts:9:3 › initial loading budget and no Canvas engine: /blog/on-demand-demos/ (1.6s)
  ✓  136 tests/patterns.spec.ts:33:1 › Tree implements roving focus, hierarchical navigation, selection and typeahead (2.5s)
  ✓  137 tests/patterns.spec.ts:78:1 › DataRegion renders five states and preserves data with a recoverable refresh error (1.7s)
  ✓  138 tests/patterns.spec.ts:110:1 › Tree moves with keyboard alternative and rejects cyclic and disabled targets (2.2s)
  ✓  139 tests/patterns.spec.ts:146:1 › Tree pointer dragging uses the same controlled move and lazy failures can retry (1.8s)
  ✓  140 tests/patterns.spec.ts:171:1 › Session and Agent rows keep dimensions, capability actions and status independent (2.6s)
  ✓  141 tests/patterns.spec.ts:208:1 › Activity deduplicates, preserves old data on failure and follows only near the bottom (2.7s)
  ✓  142 tests/patterns.spec.ts:252:1 › Inspector changes one complete object snapshot and distinguishes selection and data errors (1.6s)
  ✓  143 tests/patterns.spec.ts:272:1 › ToolCall redacts before display and clipboard, requires approval, and reconciles unknown results (2.6s)
  ✓  144 tests/patterns.spec.ts:325:1 › ToolCall bounds long previews and only reveals available complete output (1.7s)
  ✓  145 tests/patterns.spec.ts:340:1 › lost tool cancellation responses remain unconfirmed until reconciled (1.9s)
  ✓  146 tests/patterns.spec.ts:365:1 › Chat keeps partial content, input method behavior, messages and independent tool records (2.8s)
  ✓  147 tests/patterns.spec.ts:394:1 › Conversation keeps history anchors, does not pull reading to the tail and retains failed drafts (4.2s)
  ✓  149 tests/patterns.spec.ts:498:1 › all new patterns ship their source and dependency graph (349ms)
  ✓  150 tests/primitives.spec.ts:2:1 › action menu restores focus and never activates disabled actions (1.7s)
  ✓  151 tests/primitives.spec.ts:19:1 › tabs distinguish focus from selection; segmented chooses a value (2.7s)
  ✓  152 tests/primitives.spec.ts:39:1 › select and combobox provide keyboard selection, filtering and empty recovery (3.2s)
  ✓  148 tests/patterns.spec.ts:433:1 › new patterns fit narrow screens, keep touch targets and reduced motion (11.1s)
  ✓  153 tests/registry-snapshot.spec.ts:7:1 › Registry release locks recursive dependencies and rejects different bytes under an existing version (28ms)
  ✓  154 tests/sales-crm.spec.ts:55:1 › CRM selectors, windows, raw validation and CSV safety are deterministic (11ms)
  ✓  156 tests/sales-crm.spec.ts:159:1 › filters, visible select-all, stable sorting and summaries share the export view (3.5s)
  ✓  155 tests/sales-crm.spec.ts:124:1 › nine business columns, exact compact geometry, selection and activation stay separate (4.0s)
  ✓  157 tests/sales-crm.spec.ts:205:1 › detail windows change data, owner navigation uses complete snapshots and restores a useful focus (4.1s)
  ✓  158 tests/sales-crm.spec.ts:235:1 › keyboard search finds companies, owners and stages without intercepting draft editing (9.9s)
  ✓  159 tests/sales-crm.spec.ts:296:1 › new company validates raw input, retains cancelled drafts, prevents duplicates and explains filtered creation (6.9s)
  ✓  161 tests/sales-crm.spec.ts:400:1 › notifications keep reading separate from opening and explain missing targets (5.4s)
  ✓  160 tests/sales-crm.spec.ts:353:1 › file rejection, creation failure and download failure preserve data and drafts (6.5s)
  ✓  163 tests/sales-crm.spec.ts:468:1 › locale updates preserve selection, open-object identity and raw drafts; theme stays isolated (4.3s)
  ✓  162 tests/sales-crm.spec.ts:443:1 › all five data states recover and refresh failure preserves existing rows (8.3s)
  ✓  164 tests/sales-crm.spec.ts:525:1 › sidebar pointer/keyboard resizing persists only valid layout preferences (5.4s)
  ✓  165 tests/sales-crm.spec.ts:568:1 › local creation uses unique instance IDs without secure-context crypto (4.4s)
  ✓  166 tests/sales-crm.spec.ts:590:1 › valid image creation stays local and a rejected replacement preserves the preview (3.5s)
  ✓  167 tests/sales-crm.spec.ts:632:1 › storage denial leaves language controls and sidebar resizing usable (2.9s)
  ✓  169 tests/sales-crm.spec.ts:686:5 › CRM touch layouts › touch controls, native horizontal scrolling and sheets at 390px (5.8s)
  ✓  168 tests/sales-crm.spec.ts:660:1 › default and object/form overlays pass automated accessibility checks (10.7s)
  ✓  170 tests/sales-crm.spec.ts:686:5 › CRM touch layouts › touch controls, native horizontal scrolling and sheets at 768px (3.7s)
  ✓  172 tests/scroll.spec.ts:9:1 › scroll lab is reachable and page progress follows document scrolling (1.7s)
  ✓  171 tests/sales-crm.spec.ts:686:5 › CRM touch layouts › touch controls, native horizontal scrolling and sheets at 1024px (3.2s)
  ✓  173 tests/scroll.spec.ts:46:1 › triggered cards finish fading while idle, stay visible on return, and reset (1.6s)
  ✓  174 tests/scroll.spec.ts:69:1 › linked reading progress is proportional and reversible (1.6s)
  ✓  175 tests/scroll.spec.ts:98:1 › parallax background moves at 35 percent of foreground speed (1.3s)
  ✓  176 tests/scroll.spec.ts:117:1 › sticky letters remain pinned and the next group replaces them (1.3s)
  ✓  178 tests/scroll.spec.ts:174:1 › vertical scrolling drives horizontal cards and resize preserves the full track (1.7s)
  ✓  177 tests/scroll.spec.ts:142:1 › snap settles on complete screens with wheel, keyboard and controls (3.6s)
  ✓  179 tests/scroll.spec.ts:215:1 › reduced motion is respected initially and when the preference changes (1.3s)
  ✓  180 tests/scroll.spec.ts:245:1 › mobile touch scrolling, dark theme, documentation and registry remain usable (6.4s)
  ✓  181 tests/stream-performance.spec.ts:5:3 › @performance 5000 conversation append with explicit revisions (29.5s)
  ✓  183 tests/stream-performance.spec.ts:69:1 › activity retains every unread ID when several commits arrive in one frame (4.2s)
  ✓  182 tests/stream-performance.spec.ts:5:3 › @performance 5000 activity append with explicit revisions (30.6s)
  ✓  185 tests/style-workbench.spec.ts:15:1 › style workbench compares actual styles without changing A or project tokens (2.4s)
  ✓  186 tests/style-workbench.spec.ts:78:1 › shadow, material and typography controls export their actual CSS and JSON (2.4s)
  ✓  187 tests/style-workbench.spec.ts:131:1 › presets can become A and numeric edits clamp, snap and recover from empty input (1.9s)
  ✓  188 tests/style-workbench.spec.ts:154:1 › theme changes refresh A and unedited B values while keeping explicit edits and pinned A (2.1s)
  ✓  189 tests/style-workbench.spec.ts:187:1 › dictionary links to the workbench and the portable demo adapts to narrow containers (3.8s)
  ✓  190 tests/style-workbench.spec.ts:218:1 › workbench remains usable on touch, in dark theme and with reduced motion (2.0s)
  ✓  191 tests/theme-namespace.spec.ts:6:1 › theme variants keep private variable names intact and resolve dynamic status colors (29ms)
  ✓  192 tests/visual.spec.ts:3:3 › Menu focus and disabled state light (1.6s)
  ✓  193 tests/visual.spec.ts:3:3 › Menu focus and disabled state dark (1.6s)
  ✓  194 tests/work-items.spec.ts:35:1 › query helpers preserve server order, deduplicate pages, reject stale moves and respect local dates (9ms)
  ✓  195 tests/work-items.spec.ts:121:1 › create and edit in List, move in Board, verify Table and preserve selection (5.0s)
  ✓  196 tests/work-items.spec.ts:160:1 › unknown field write remains locked across layout and locale until reconciliation (3.9s)
  ✓  197 tests/work-items.spec.ts:196:1 › rejected create and field saves retain drafts; unknown create survives dialog close (4.7s)
  ✓  184 tests/stream-performance.spec.ts:92:1 › deferred messages keep full text, browser find and prepend anchor (35.0s)
  ✓  198 tests/work-items.spec.ts:237:1 › partial groups retain items on page failure, retry reads, and hidden selection persists (3.6s)
  ✓  199 tests/work-items.spec.ts:265:1 › read-only project and empty/no-match are distinct; URL refresh and back preserve context (5.3s)
  ✓  200 tests/work-items.spec.ts:311:1 › pointer drag and keyboard reorder use the same commands; Escape cancels (4.0s)
  ✓  201 tests/work-items.spec.ts:349:1 › mobile touch alternative, nested-target checks, theme and reduced-motion accessibility (6.2s)
  ✓  202 tests/work-items.spec.ts:377:1 › multi-select properties, display controls and keyboard toolbar preserve caller data (4.4s)
  ✓  204 tests/work-items.spec.ts:441:1 › touch can move to a group with coarse-pointer targets (2.9s)
  ✓  203 tests/work-items.spec.ts:412:1 › unknown and rejected moves preserve the authoritative group until confirmation (4.3s)
  ✓  206 tests/work-items.spec.ts:498:1 › workspace fills the viewport and preserves one vertical scroll owner (2.5s)
  ✓  205 tests/work-items.spec.ts:468:1 › another confirmed field does not clear a rejected title draft or its error (3.8s)
  ✓  207 tests/workspace.spec.ts:3:1 › Button dimensions, selection and icon tooltip match the contract (1.8s)
  ✓  208 tests/workspace.spec.ts:35:1 › Item sizes and semantics preserve independent trailing actions (2.0s)
  ✓  209 tests/workspace.spec.ts:78:1 › runtime badges share semantic tokens and unknown values remain explicit (1.2s)
  ✓  210 tests/workspace.spec.ts:106:1 › workspace selection, local creation and runtime state stay in sync with Inspector (1.9s)
  ✓  211 tests/workspace.spec.ts:144:1 › workspace data states keep existing content on refresh failure (1.8s)
  ✓  212 tests/workspace.spec.ts:173:1 › desktop shell dimensions, pointer resizing, keyboard resizing and focus restore (2.0s)
  ✓  213 tests/workspace.spec.ts:218:1 › chat preserves messages, distinguishes tool calls and respects IME (1.7s)
  ✓  215 tests/workspace.spec.ts:313:1 › workspace light and dark desktop render without overflow (2.0s)
  ✓  214 tests/workspace.spec.ts:246:1 › mobile drawer traps and restores focus, touch targets and narrow layouts fit (4.5s)

  215 passed (6.1m)
